The next train to Koolewong from Coffs Harbour departs at 19:48:30
