The next train to Adelaide from Sydney departs at 18:21:09
